   text	   data	    bss	    dec	    hex	filename
   1142	      0	      0	   1142	    476	bin/am_devices_led.o
    100	      0	      0	    100	     64	bin/am_util_delay.o
   4103	      0	   1029	   5132	   140c	bin/am_util_stdio.o
    898	      0	      0	    898	    382	bin/am_util_string.o
    634	   4096	      0	   4730	   127a	bin/startup_gcc.o
    898	      0	      0	    898	    382	bin/logging.o
    804	      0	     17	    821	    335	bin/system.o
     94	      0	      0	     94	     5e	bin/main.o
   6996	     96	   2053	   9145	   23b9	am_bsp.o (ex ../AmbiqSDK/bsp/apollo4_pro/gcc/bin/libam_bsp.a)
      0	    768	     28	    796	    31c	am_bsp_pins.o (ex ../AmbiqSDK/bsp/apollo4_pro/gcc/bin/libam_bsp.a)
     40	      0	      0	     40	     28	am_hal_bootrom_helper.o (ex ../AmbiqSDK/mcu/apollo4p/hal/mcu/gcc/bin/libam_hal.a)
    872	      5	      0	    877	    36d	am_hal_cachectrl.o (ex ../AmbiqSDK/mcu/apollo4p/hal/mcu/gcc/bin/libam_hal.a)
   6128	      0	      0	   6128	   17f0	am_hal_card.o (ex ../AmbiqSDK/mcu/apollo4p/hal/mcu/gcc/bin/libam_hal.a)
    252	    148	      0	    400	    190	am_hal_card_host.o (ex ../AmbiqSDK/mcu/apollo4p/hal/mcu/gcc/bin/libam_hal.a)
    832	      0	      0	    832	    340	am_hal_clkgen.o (ex ../AmbiqSDK/mcu/apollo4p/hal/mcu/gcc/bin/libam_hal.a)
   2024	      0	    484	   2508	    9cc	am_hal_cmdq.o (ex ../AmbiqSDK/mcu/apollo4p/hal/mcu/gcc/bin/libam_hal.a)
   1052	      0	      4	   1056	    420	am_hal_dsi.o (ex ../AmbiqSDK/mcu/apollo4p/hal/mcu/gcc/bin/libam_hal.a)
    112	      0	      0	    112	     70	am_hal_fault.o (ex ../AmbiqSDK/mcu/apollo4p/hal/mcu/gcc/bin/libam_hal.a)
     24	      0	      0	     24	     18	am_hal_interrupt.o (ex ../AmbiqSDK/mcu/apollo4p/hal/mcu/gcc/bin/libam_hal.a)
   8692	      0	  17728	  26420	   6734	am_hal_iom.o (ex ../AmbiqSDK/mcu/apollo4p/hal/mcu/gcc/bin/libam_hal.a)
   2300	      0	     72	   2372	    944	am_hal_ios.o (ex ../AmbiqSDK/mcu/apollo4p/hal/mcu/gcc/bin/libam_hal.a)
    504	      0	      0	    504	    1f8	am_hal_itm.o (ex ../AmbiqSDK/mcu/apollo4p/hal/mcu/gcc/bin/libam_hal.a)
   1244	      8	     12	   1264	    4f0	am_hal_mcuctrl.o (ex ../AmbiqSDK/mcu/apollo4p/hal/mcu/gcc/bin/libam_hal.a)
    256	      0	      0	    256	    100	am_hal_mpu.o (ex ../AmbiqSDK/mcu/apollo4p/hal/mcu/gcc/bin/libam_hal.a)
    376	      0	      0	    376	    178	am_hal_mram.o (ex ../AmbiqSDK/mcu/apollo4p/hal/mcu/gcc/bin/libam_hal.a)
   8744	      0	   6732	  15476	   3c74	am_hal_mspi.o (ex ../AmbiqSDK/mcu/apollo4p/hal/mcu/gcc/bin/libam_hal.a)
    363	      0	      4	    367	    16f	am_hal_reset.o (ex ../AmbiqSDK/mcu/apollo4p/hal/mcu/gcc/bin/libam_hal.a)
   1336	      0	      0	   1336	    538	am_hal_rtc.o (ex ../AmbiqSDK/mcu/apollo4p/hal/mcu/gcc/bin/libam_hal.a)
   4156	      0	    212	   4368	   1110	am_hal_sdhc.o (ex ../AmbiqSDK/mcu/apollo4p/hal/mcu/gcc/bin/libam_hal.a)
    292	      0	     12	    304	    130	am_hal_secure_ota.o (ex ../AmbiqSDK/mcu/apollo4p/hal/mcu/gcc/bin/libam_hal.a)
    408	      0	      0	    408	    198	am_hal_sysctrl.o (ex ../AmbiqSDK/mcu/apollo4p/hal/mcu/gcc/bin/libam_hal.a)
    144	      0	      0	    144	     90	am_hal_systick.o (ex ../AmbiqSDK/mcu/apollo4p/hal/mcu/gcc/bin/libam_hal.a)
    140	      0	      0	    140	     8c	am_hal_tpiu.o (ex ../AmbiqSDK/mcu/apollo4p/hal/mcu/gcc/bin/libam_hal.a)
   2736	      0	    736	   3472	    d90	am_hal_uart.o (ex ../AmbiqSDK/mcu/apollo4p/hal/mcu/gcc/bin/libam_hal.a)
    284	      0	      0	    284	    11c	am_hal_utils.o (ex ../AmbiqSDK/mcu/apollo4p/hal/mcu/gcc/bin/libam_hal.a)
    188	      0	      0	    188	     bc	am_hal_access.o (ex ../AmbiqSDK/mcu/apollo4p/hal/mcu/gcc/bin/libam_hal.a)
   2644	      0	    105	   2749	    abd	am_hal_adc.o (ex ../AmbiqSDK/mcu/apollo4p/hal/mcu/gcc/bin/libam_hal.a)
   4164	      0	    104	   4268	   10ac	am_hal_audadc.o (ex ../AmbiqSDK/mcu/apollo4p/hal/mcu/gcc/bin/libam_hal.a)
    600	     32	      4	    636	    27c	am_hal_dcu.o (ex ../AmbiqSDK/mcu/apollo4p/hal/mcu/gcc/bin/libam_hal.a)
     62	      0	      0	     62	     3e	am_hal_global.o (ex ../AmbiqSDK/mcu/apollo4p/hal/mcu/gcc/bin/libam_hal.a)
   1928	      0	   2048	   3976	    f88	am_hal_gpio.o (ex ../AmbiqSDK/mcu/apollo4p/hal/mcu/gcc/bin/libam_hal.a)
   2588	      0	    152	   2740	    ab4	am_hal_i2s.o (ex ../AmbiqSDK/mcu/apollo4p/hal/mcu/gcc/bin/libam_hal.a)
    160	      0	      0	    160	     a0	am_hal_otp.o (ex ../AmbiqSDK/mcu/apollo4p/hal/mcu/gcc/bin/libam_hal.a)
   1696	      0	     96	   1792	    700	am_hal_pdm.o (ex ../AmbiqSDK/mcu/apollo4p/hal/mcu/gcc/bin/libam_hal.a)
   4096	      0	      0	   4096	   1000	am_hal_pin.o (ex ../AmbiqSDK/mcu/apollo4p/hal/mcu/gcc/bin/libam_hal.a)
   6085	      9	     47	   6141	   17fd	am_hal_pwrctrl.o (ex ../AmbiqSDK/mcu/apollo4p/hal/mcu/gcc/bin/libam_hal.a)
    276	      0	      0	    276	    114	am_hal_queue.o (ex ../AmbiqSDK/mcu/apollo4p/hal/mcu/gcc/bin/libam_hal.a)
    396	      0	      0	    396	    18c	am_hal_security.o (ex ../AmbiqSDK/mcu/apollo4p/hal/mcu/gcc/bin/libam_hal.a)
   1024	     32	      1	   1057	    421	am_hal_stimer.o (ex ../AmbiqSDK/mcu/apollo4p/hal/mcu/gcc/bin/libam_hal.a)
   2728	      0	      0	   2728	    aa8	am_hal_timer.o (ex ../AmbiqSDK/mcu/apollo4p/hal/mcu/gcc/bin/libam_hal.a)
   6220	      4	    264	   6488	   1958	am_hal_usb.o (ex ../AmbiqSDK/mcu/apollo4p/hal/mcu/gcc/bin/libam_hal.a)
    808	      0	      0	    808	    328	am_hal_wdt.o (ex ../AmbiqSDK/mcu/apollo4p/hal/mcu/gcc/bin/libam_hal.a)
  11304	     28	 393188	 404520	  62c28	bin/TestFull.axf
